09:13:23 **** Build of configuration Debug for project Device ****
make -j7 all 
arm-none-eabi-gcc -mcpu=cortex-m3 -g3 -DDEBUG -c -x assembler-with-cpp -MMD -MP -MF"Startup/startup_stm32f103c8tx.d" -MT"Startup/startup_stm32f103c8tx.o" --specs=nano.specs -mfloat-abi=soft -mthumb -o "Startup/startup_stm32f103c8tx.o" "../Startup/startup_stm32f103c8tx.s"
arm-none-eabi-gcc "../Src/main.c" -mcpu=cortex-m3 -std=gnu11 -g3 -DDEBUG -DSTM32 -DSTM32F1 -DSTM32F103C8Tx -c -I../Inc -O0 -ffunction-sections -fdata-sections -Wall -fstack-usage -fcyclomatic-complexity -MMD -MP -MF"Src/main.d" -MT"Src/main.o" --specs=nano.specs -mfloat-abi=soft -mthumb -o "Src/main.o"
arm-none-eabi-gcc "../Src/syscalls.c" -mcpu=cortex-m3 -std=gnu11 -g3 -DDEBUG -DSTM32 -DSTM32F1 -DSTM32F103C8Tx -c -I../Inc -O0 -ffunction-sections -fdata-sections -Wall -fstack-usage -fcyclomatic-complexity -MMD -MP -MF"Src/syscalls.d" -MT"Src/syscalls.o" --specs=nano.specs -mfloat-abi=soft -mthumb -o "Src/syscalls.o"
arm-none-eabi-gcc "../Src/sysmem.c" -mcpu=cortex-m3 -std=gnu11 -g3 -DDEBUG -DSTM32 -DSTM32F1 -DSTM32F103C8Tx -c -I../Inc -O0 -ffunction-sections -fdata-sections -Wall -fstack-usage -fcyclomatic-complexity -MMD -MP -MF"Src/sysmem.d" -MT"Src/sysmem.o" --specs=nano.specs -mfloat-abi=soft -mthumb -o "Src/sysmem.o"
arm-none-eabi-gcc -o "Device.elf" @"objects.list"   -mcpu=cortex-m3 -T"/Users/rulos-macbook/Proyects/SPT/Device/STM32F103C8TX_FLASH.ld" --specs=nosys.specs -Wl,-Map="Device.map" -Wl,--gc-sections -static --specs=nano.specs -mfloat-abi=soft -mthumb -Wl,--start-group -lc -lm -Wl,--end-group
Finished building target: Device.elf
 
arm-none-eabi-size  Device.elf 
arm-none-eabi-objdump -h -S Device.elf  > "Device.list"
   text	   data	    bss	    dec	    hex	filename
    564	      0	   1568	   2132	    854	Device.elf
Finished building: default.size.stdout
 
Finished building: Device.list
 
15:33:56 **** Incremental Build of configuration Debug for project Device ****
make -j7 all 
arm-none-eabi-size  Device.elf 
   text	   data	    bss	    dec	    hex	filename
    564	      0	   1568	   2132	    854	Device.elf
Finished building: default.size.stdout
 
15:34:42 **** Incremental Build of configuration Debug for project Device ****
make -j7 all 
arm-none-eabi-size  Device.elf 
   text	   data	    bss	    dec	    hex	filename
    564	      0	   1568	   2132	    854	Device.elf
Finished building: default.size.stdout
 
15:36:18 **** Incremental Build of configuration Debug for project Device ****
make -j7 all 
arm-none-eabi-size  Device.elf 
   text	   data	    bss	    dec	    hex	filename
    564	      0	   1568	   2132	    854	Device.elf
Finished building: default.size.stdout
 
16:09:59 **** Incremental Build of configuration Debug for project Device ****
make -j7 all 
arm-none-eabi-size  Device.elf 
   text	   data	    bss	    dec	    hex	filename
    564	      0	   1568	   2132	    854	Device.elf
Finished building: default.size.stdout
 
